To honour the JVM settings for this build a single-use Daemon process will be forked. For more on this, please refer to https://docs.gradle.org/8.5/userguide/gradle_daemon.html#sec:disabling_the_daemon in the Gradle documentation.
Daemon will be stopped at the end of the build 
Checking the license for package Android SDK Build-Tools 33.0.1 in /usr/local/lib/android/sdk/licenses
License for package Android SDK Build-Tools 33.0.1 accepted.
Preparing "Install Android SDK Build-Tools 33.0.1 v.33.0.1".
"Install Android SDK Build-Tools 33.0.1 v.33.0.1" ready.
Installing Android SDK Build-Tools 33.0.1 in /usr/local/lib/android/sdk/build-tools/33.0.1
"Install Android SDK Build-Tools 33.0.1 v.33.0.1" complete.
"Install Android SDK Build-Tools 33.0.1 v.33.0.1" finished.
> Task :app:preBuild UP-TO-DATE
> Task :app:preDebugBuild UP-TO-DATE
> Task :app:mergeDebugNativeDebugMetadata NO-SOURCE
> Task :app:checkDebugAarMetadata
> Task :app:javaPreCompileDebug
> Task :app:generateDebugResValues
> Task :app:mapDebugSourceSetPaths
> Task :app:generateDebugResources
> Task :app:packageDebugResources
> Task :app:mergeDebugResources
> Task :app:createDebugCompatibleScreenManifests
> Task :app:extractDeepLinksDebug
> Task :app:parseDebugLocalResources
> Task :app:processDebugMainManifest
> Task :app:processDebugManifest
> Task :app:mergeDebugShaders
> Task :app:compileDebugShaders NO-SOURCE
> Task :app:generateDebugAssets UP-TO-DATE
> Task :app:mergeDebugAssets
> Task :app:compressDebugAssets
> Task :app:desugarDebugFileDependencies
> Task :app:processDebugJavaRes NO-SOURCE
> Task :app:checkDebugDuplicateClasses
> Task :app:mergeDebugJavaResource
> Task :app:configureCMakeDebug[arm64-v8a]
> Task :app:processDebugManifestForPackage
> Task :app:mergeExtDexDebug
> Task :app:mergeLibDexDebug
> Task :app:processDebugResources

> Task :app:buildCMakeDebug[arm64-v8a]
C/C++: ninja: Entering directory `/home/runner/work/xlengine/xlengine/android/app/.cxx/Debug/1k1c3s6c/arm64-v8a'
C/C++: /usr/local/lib/android/sdk/ndk/25.2.9519653/toolchains/llvm/prebuilt/linux-x86_64/bin/clang++ --target=aarch64-none-linux-android24 --sysroot=/usr/local/lib/android/sdk/ndk/25.2.9519653/toolchains/llvm/prebuilt/linux-x86_64/sysroot -Dxlengine_EXPORTS -I/home/runner/work/xlengine/xlengine/android/app/src/main/cpp/../../../../../src -g -DANDROID -fdata-sections -ffunction-sections -funwind-tables -fstack-protector-strong -no-canonical-prefixes -D_FORTIFY_SOURCE=2 -Wformat -Werror=format-security  -std=c++17 -fexceptions -frtti -fno-limit-debug-info  -fPIC -std=c++17 -MD -MT CMakeFiles/xlengine.dir/home/runner/work/xlengine/xlengine/src/fn_eng.cpp.o -MF CMakeFiles/xlengine.dir/home/runner/work/xlengine/xlengine/src/fn_eng.cpp.o.d -o CMakeFiles/xlengine.dir/home/runner/work/xlengine/xlengine/src/fn_eng.cpp.o -c /home/runner/work/xlengine/xlengine/src/fn_eng.cpp
C/C++: /home/runner/work/xlengine/xlengine/src/fn_eng.cpp:93:36: error: no member named 'cyl_bessel_i' in namespace 'std'
C/C++:             return Value::num(std::cyl_bessel_i(n, x));
C/C++:                               ~~~~~^
C/C++: /home/runner/work/xlengine/xlengine/src/fn_eng.cpp:98:36: error: no member named 'cyl_bessel_j' in namespace 'std'
C/C++:             return Value::num(std::cyl_bessel_j(n, x));
C/C++:                               ~~~~~^
C/C++: /home/runner/work/xlengine/xlengine/src/fn_eng.cpp:103:36: error: no member named 'cyl_bessel_k' in namespace 'std'
C/C++:             return Value::num(std::cyl_bessel_k(n, x));
C/C++:                               ~~~~~^
C/C++: /home/runner/work/xlengine/xlengine/src/fn_eng.cpp:108:36: error: no member named 'cyl_neumann' in namespace 'std'
C/C++:             return Value::num(std::cyl_neumann(n, x));
C/C++:                               ~~~~~^
C/C++: /home/runner/work/xlengine/xlengine/src/fn_eng.cpp:297:61: warning: binding dereferenced null pointer to reference has undefined behavior [-Wnull-dereference]
C/C++:             Value d = findFunction("BIN2DEC")->impl({a[0]}, *(EvalCtx*)nullptr);
C/C++:                                                             ^~~~~~~~~~~~~~~~~~
C/C++: /home/runner/work/xlengine/xlengine/src/fn_eng.cpp:301:56: warning: binding dereferenced null pointer to reference has undefined behavior [-Wnull-dereference]
C/C++:             return findFunction("DEC2HEX")->impl(args, *(EvalCtx*)nullptr);
C/C++:                                                        ^~~~~~~~~~~~~~~~~~
C/C++: /home/runner/work/xlengine/xlengine/src/fn_eng.cpp:304:61: warning: binding dereferenced null pointer to reference has undefined behavior [-Wnull-dereference]
C/C++:             Value d = findFunction("BIN2DEC")->impl({a[0]}, *(EvalCtx*)nullptr);
C/C++:                                                             ^~~~~~~~~~~~~~~~~~
C/C++: /home/runner/work/xlengine/xlengine/src/fn_eng.cpp:308:56: warning: binding dereferenced null pointer to reference has undefined behavior [-Wnull-dereference]
C/C++:             return findFunction("DEC2OCT")->impl(args, *(EvalCtx*)nullptr);
C/C++:                                                        ^~~~~~~~~~~~~~~~~~
C/C++: /home/runner/work/xlengine/xlengine/src/fn_eng.cpp:311:61: warning: binding dereferenced null pointer to reference has undefined behavior [-Wnull-dereference]
C/C++:             Value d = findFunction("OCT2DEC")->impl({a[0]}, *(EvalCtx*)nullptr);
C/C++:                                                             ^~~~~~~~~~~~~~~~~~
C/C++: /home/runner/work/xlengine/xlengine/src/fn_eng.cpp:315:56: warning: binding dereferenced null pointer to reference has undefined behavior [-Wnull-dereference]
C/C++:             return findFunction("DEC2BIN")->impl(args, *(EvalCtx*)nullptr);
C/C++:                                                        ^~~~~~~~~~~~~~~~~~
C/C++: /home/runner/work/xlengine/xlengine/src/fn_eng.cpp:318:61: warning: binding dereferenced null pointer to reference has undefined behavior [-Wnull-dereference]
C/C++:             Value d = findFunction("OCT2DEC")->impl({a[0]}, *(EvalCtx*)nullptr);
C/C++:                                                             ^~~~~~~~~~~~~~~~~~
C/C++: /home/runner/work/xlengine/xlengine/src/fn_eng.cpp:322:56: warning: binding dereferenced null pointer to reference has undefined behavior [-Wnull-dereference]
C/C++:             return findFunction("DEC2HEX")->impl(args, *(EvalCtx*)nullptr);
C/C++:                                                        ^~~~~~~~~~~~~~~~~~
C/C++: /home/runner/work/xlengine/xlengine/src/fn_eng.cpp:325:61: warning: binding dereferenced null pointer to reference has undefined behavior [-Wnull-dereference]
C/C++:             Value d = findFunction("HEX2DEC")->impl({a[0]}, *(EvalCtx*)nullptr);
C/C++:                                                             ^~~~~~~~~~~~~~~~~~
C/C++: /home/runner/work/xlengine/xlengine/src/fn_eng.cpp:329:56: warning: binding dereferenced null pointer to reference has undefined behavior [-Wnull-dereference]
C/C++:             return findFunction("DEC2BIN")->impl(args, *(EvalCtx*)nullptr);
C/C++:                                                        ^~~~~~~~~~~~~~~~~~
C/C++: /home/runner/work/xlengine/xlengine/src/fn_eng.cpp:332:61: warning: binding dereferenced null pointer to reference has undefined behavior [-Wnull-dereference]
C/C++:             Value d = findFunction("HEX2DEC")->impl({a[0]}, *(EvalCtx*)nullptr);
C/C++:                                                             ^~~~~~~~~~~~~~~~~~
C/C++: /home/runner/work/xlengine/xlengine/src/fn_eng.cpp:336:56: warning: binding dereferenced null pointer to reference has undefined behavior [-Wnull-dereference]
C/C++:             return findFunction("DEC2OCT")->impl(args, *(EvalCtx*)nullptr);
C/C++:                                                        ^~~~~~~~~~~~~~~~~~
C/C++: 12 warnings and 4 errors generated.

> Task :app:buildCMakeDebug[arm64-v8a] FAILED

FAILURE: Build failed with an exception.

* What went wrong:
Execution failed for task ':app:buildCMakeDebug[arm64-v8a]'.
> com.android.ide.common.process.ProcessException: ninja: Entering directory `/home/runner/work/xlengine/xlengine/android/app/.cxx/Debug/1k1c3s6c/arm64-v8a'
  [1/40] Building CXX object CMakeFiles/xlengine.dir/home/runner/work/xlengine/xlengine/src/depgraph.cpp.o
  [2/40] Building CXX object CMakeFiles/xlengine.dir/home/runner/work/xlengine/xlengine/src/canvas.cpp.o
  [3/40] Building CXX object CMakeFiles/xlengine.dir/jni_bridge.cpp.o
  [4/40] Building CXX object CMakeFiles/xlengine.dir/home/runner/work/xlengine/xlengine/src/chartxml.cpp.o
  [5/40] Building CXX object CMakeFiles/xlengine.dir/home/runner/work/xlengine/xlengine/src/chartpdf.cpp.o
  [6/40] Building CXX object CMakeFiles/xlengine.dir/home/runner/work/xlengine/xlengine/src/eval.cpp.o
  [7/40] Building CXX object CMakeFiles/xlengine.dir/home/runner/work/xlengine/xlengine/src/dv.cpp.o
  [8/40] Building CXX object CMakeFiles/xlengine.dir/home/runner/work/xlengine/xlengine/src/cf.cpp.o
  [9/40] Building CXX object CMakeFiles/xlengine.dir/home/runner/work/xlengine/xlengine/src/fn_fill.cpp.o
  [10/40] Building CXX object CMakeFiles/xlengine.dir/home/runner/work/xlengine/xlengine/src/fn_eng.cpp.o
  FAILED: CMakeFiles/xlengine.dir/home/runner/work/xlengine/xlengine/src/fn_eng.cpp.o 
  /usr/local/lib/android/sdk/ndk/25.2.9519653/toolchains/llvm/prebuilt/linux-x86_64/bin/clang++ --target=aarch64-none-linux-android24 --sysroot=/usr/local/lib/android/sdk/ndk/25.2.9519653/toolchains/llvm/prebuilt/linux-x86_64/sysroot -Dxlengine_EXPORTS -I/home/runner/work/xlengine/xlengine/android/app/src/main/cpp/../../../../../src -g -DANDROID -fdata-sections -ffunction-sections -funwind-tables -fstack-protector-strong -no-canonical-prefixes -D_FORTIFY_SOURCE=2 -Wformat -Werror=format-security  -std=c++17 -fexceptions -frtti -fno-limit-debug-info  -fPIC -std=c++17 -MD -MT CMakeFiles/xlengine.dir/home/runner/work/xlengine/xlengine/src/fn_eng.cpp.o -MF CMakeFiles/xlengine.dir/home/runner/work/xlengine/xlengine/src/fn_eng.cpp.o.d -o CMakeFiles/xlengine.dir/home/runner/work/xlengine/xlengine/src/fn_eng.cpp.o -c /home/runner/work/xlengine/xlengine/src/fn_eng.cpp
  /home/runner/work/xlengine/xlengine/src/fn_eng.cpp:93:36: error: no member named 'cyl_bessel_i' in namespace 'std'
              return Value::num(std::cyl_bessel_i(n, x));
                                ~~~~~^
  /home/runner/work/xlengine/xlengine/src/fn_eng.cpp:98:36: error: no member named 'cyl_bessel_j' in namespace 'std'
              return Value::num(std::cyl_bessel_j(n, x));
                                ~~~~~^
  /home/runner/work/xlengine/xlengine/src/fn_eng.cpp:103:36: error: no member named 'cyl_bessel_k' in namespace 'std'
              return Value::num(std::cyl_bessel_k(n, x));
                                ~~~~~^
  /home/runner/work/xlengine/xlengine/src/fn_eng.cpp:108:36: error: no member named 'cyl_neumann' in namespace 'std'
              return Value::num(std::cyl_neumann(n, x));
                                ~~~~~^
  /home/runner/work/xlengine/xlengine/src/fn_eng.cpp:297:61: warning: binding dereferenced null pointer to reference has undefined behavior [-Wnull-dereference]
              Value d = findFunction("BIN2DEC")->impl({a[0]}, *(EvalCtx*)nullptr);
                                                              ^~~~~~~~~~~~~~~~~~
  /home/runner/work/xlengine/xlengine/src/fn_eng.cpp:301:56: warning: binding dereferenced null pointer to reference has undefined behavior [-Wnull-dereference]
              return findFunction("DEC2HEX")->impl(args, *(EvalCtx*)nullptr);
                                                         ^~~~~~~~~~~~~~~~~~
  /home/runner/work/xlengine/xlengine/src/fn_eng.cpp:304:61: warning: binding dereferenced null pointer to reference has undefined behavior [-Wnull-dereference]
              Value d = findFunction("BIN2DEC")->impl({a[0]}, *(EvalCtx*)nullptr);
                                                              ^~~~~~~~~~~~~~~~~~
  /home/runner/work/xlengine/xlengine/src/fn_eng.cpp:308:56: warning: binding dereferenced null pointer to reference has undefined behavior [-Wnull-dereference]
              return findFunction("DEC2OCT")->impl(args, *(EvalCtx*)nullptr);
                                                         ^~~~~~~~~~~~~~~~~~
  /home/runner/work/xlengine/xlengine/src/fn_eng.cpp:311:61: warning: binding dereferenced null pointer to reference has undefined behavior [-Wnull-dereference]
              Value d = findFunction("OCT2DEC")->impl({a[0]}, *(EvalCtx*)nullptr);
                                                              ^~~~~~~~~~~~~~~~~~
  /home/runner/work/xlengine/xlengine/src/fn_eng.cpp:315:56: warning: binding dereferenced null pointer to reference has undefined behavior [-Wnull-dereference]
              return findFunction("DEC2BIN")->impl(args, *(EvalCtx*)nullptr);
                                                         ^~~~~~~~~~~~~~~~~~
  /home/runner/work/xlengine/xlengine/src/fn_eng.cpp:318:61: warning: binding dereferenced null pointer to reference has undefined behavior [-Wnull-dereference]
              Value d = findFunction("OCT2DEC")->impl({a[0]}, *(EvalCtx*)nullptr);
                                                              ^~~~~~~~~~~~~~~~~~
  /home/runner/work/xlengine/xlengine/src/fn_eng.cpp:322:56: warning: binding dereferenced null pointer to reference has undefined behavior [-Wnull-dereference]
              return findFunction("DEC2HEX")->impl(args, *(EvalCtx*)nullptr);
                                                         ^~~~~~~~~~~~~~~~~~
  /home/runner/work/xlengine/xlengine/src/fn_eng.cpp:325:61: warning: binding dereferenced null pointer to reference has undefined behavior [-Wnull-dereference]
              Value d = findFunction("HEX2DEC")->impl({a[0]}, *(EvalCtx*)nullptr);
                                                              ^~~~~~~~~~~~~~~~~~
  /home/runner/work/xlengine/xlengine/src/fn_eng.cpp:329:56: warning: binding dereferenced null pointer to reference has undefined behavior [-Wnull-dereference]
              return findFunction("DEC2BIN")->impl(args, *(EvalCtx*)nullptr);
                                                         ^~~~~~~~~~~~~~~~~~
  /home/runner/work/xlengine/xlengine/src/fn_eng.cpp:332:61: warning: binding dereferenced null pointer to reference has undefined behavior [-Wnull-dereference]
              Value d = findFunction("HEX2DEC")->impl({a[0]}, *(EvalCtx*)nullptr);
                                                              ^~~~~~~~~~~~~~~~~~
  /home/runner/work/xlengine/xlengine/src/fn_eng.cpp:336:56: warning: binding dereferenced null pointer to reference has undefined behavior [-Wnull-dereference]
              return findFunction("DEC2OCT")->impl(args, *(EvalCtx*)nullptr);
                                                         ^~~~~~~~~~~~~~~~~~
  12 warnings and 4 errors generated.
  [11/40] Building CXX object CMakeFiles/xlengine.dir/home/runner/work/xlengine/xlengine/src/fn_date.cpp.o
  [12/40] Building CXX object CMakeFiles/xlengine.dir/home/runner/work/xlengine/xlengine/src/fn_fill3.cpp.o
  [13/40] Building CXX object CMakeFiles/xlengine.dir/home/runner/work/xlengine/xlengine/src/fn_fill4.cpp.o
  [14/40] Building CXX object CMakeFiles/xlengine.dir/home/runner/work/xlengine/xlengine/src/fn_array.cpp.o
  [15/40] Building CXX object CMakeFiles/xlengine.dir/home/runner/work/xlengine/xlengine/src/fn_fill2.cpp.o
  ninja: build stopped: subcommand failed.
  
  C++ build system [build] failed while executing:
      /usr/local/lib/android/sdk/cmake/3.22.1/bin/ninja \
        -C \
        /home/runner/work/xlengine/xlengine/android/app/.cxx/Debug/1k1c3s6c/arm64-v8a \
        xlengine
    from /home/runner/work/xlengine/xlengine/android/app

* Try:
> Run with --info or --debug option to get more log output.
> Run with --scan to get full insights.
> Get more help at https://help.gradle.org.

* Exception is:
org.gradle.api.tasks.TaskExecutionException: Execution failed for task ':app:buildCMakeDebug[arm64-v8a]'.
	at org.gradle.api.internal.tasks.execution.ExecuteActionsTaskExecuter.lambda$executeIfValid$1(ExecuteActionsTaskExecuter.java:148)
	at org.gradle.internal.Try$Failure.ifSuccessfulOrElse(Try.java:282)
	at org.gradle.api.internal.tasks.execution.ExecuteActionsTaskExecuter.executeIfValid(ExecuteActionsTaskExecuter.java:146)
	at org.gradle.api.internal.tasks.execution.ExecuteActionsTaskExecuter.execute(ExecuteActionsTaskExecuter.java:134)
	at org.gradle.api.internal.tasks.execution.FinalizePropertiesTaskExecuter.execute(FinalizePropertiesTaskExecuter.java:46)
	at org.gradle.api.internal.tasks.execution.ResolveTaskExecutionModeExecuter.execute(ResolveTaskExecutionModeExecuter.java:51)
	at org.gradle.api.internal.tasks.execution.SkipTaskWithNoActionsExecuter.execute(SkipTaskWithNoActionsExecuter.java:57)
	at org.gradle.api.internal.tasks.execution.SkipOnlyIfTaskExecuter.execute(SkipOnlyIfTaskExecuter.java:74)
	at org.gradle.api.internal.tasks.execution.CatchExceptionTaskExecuter.execute(CatchExceptionTaskExecuter.java:36)
	at org.gradle.api.internal.tasks.execution.EventFiringTaskExecuter$1.executeTask(EventFiringTaskExecuter.java:77)
	at org.gradle.api.internal.tasks.execution.EventFiringTaskExecuter$1.call(EventFiringTaskExecuter.java:55)
	at org.gradle.api.internal.tasks.execution.EventFiringTaskExecuter$1.call(EventFiringTaskExecuter.java:52)
	at org.gradle.internal.operations.DefaultBuildOperationRunner$CallableBuildOperationWorker.execute(DefaultBuildOperationRunner.java:204)
	at org.gradle.internal.operations.DefaultBuildOperationRunner$CallableBuildOperationWorker.execute(DefaultBuildOperationRunner.java:199)
	at org.gradle.internal.operations.DefaultBuildOperationRunner$2.execute(DefaultBuildOperationRunner.java:66)
	at org.gradle.internal.operations.DefaultBuildOperationRunner$2.execute(DefaultBuildOperationRunner.java:59)
	at org.gradle.internal.operations.DefaultBuildOperationRunner.execute(DefaultBuildOperationRunner.java:157)
	at org.gradle.internal.operations.DefaultBuildOperationRunner.execute(DefaultBuildOperationRunner.java:59)
	at org.gradle.internal.operations.DefaultBuildOperationRunner.call(DefaultBuildOperationRunner.java:53)
	at org.gradle.internal.operations.DefaultBuildOperationExecutor.call(DefaultBuildOperationExecutor.java:73)
	at org.gradle.api.internal.tasks.execution.EventFiringTaskExecuter.execute(EventFiringTaskExecuter.java:52)
	at org.gradle.execution.plan.LocalTaskNodeExecutor.execute(LocalTaskNodeExecutor.java:42)
	at org.gradle.execution.taskgraph.DefaultTaskExecutionGraph$InvokeNodeExecutorsAction.execute(DefaultTaskExecutionGraph.java:331)
	at org.gradle.execution.taskgraph.DefaultTaskExecutionGraph$InvokeNodeExecutorsAction.execute(DefaultTaskExecutionGraph.java:318)
	at org.gradle.execution.taskgraph.DefaultTaskExecutionGraph$BuildOperationAwareExecutionAction.lambda$execute$0(DefaultTaskExecutionGraph.java:314)
	at org.gradle.internal.operations.CurrentBuildOperationRef.with(CurrentBuildOperationRef.java:80)
	at org.gradle.execution.taskgraph.DefaultTaskExecutionGraph$BuildOperationAwareExecutionAction.execute(DefaultTaskExecutionGraph.java:314)
	at org.gradle.execution.taskgraph.DefaultTaskExecutionGraph$BuildOperationAwareExecutionAction.execute(DefaultTaskExecutionGraph.java:303)
	at org.gradle.execution.plan.DefaultPlanExecutor$ExecutorWorker.execute(DefaultPlanExecutor.java:463)
	at org.gradle.execution.plan.DefaultPlanExecutor$ExecutorWorker.run(DefaultPlanExecutor.java:380)
	at org.gradle.internal.concurrent.ExecutorPolicy$CatchAndRecordFailures.onExecute(ExecutorPolicy.java:64)
	at org.gradle.internal.concurrent.AbstractManagedExecutor$1.run(AbstractManagedExecutor.java:47)
Caused by: org.gradle.internal.UncheckedException: com.android.ide.common.process.ProcessException: ninja: Entering directory `/home/runner/work/xlengine/xlengine/android/app/.cxx/Debug/1k1c3s6c/arm64-v8a'
[1/40] Building CXX object CMakeFiles/xlengine.dir/home/runner/work/xlengine/xlengine/src/depgraph.cpp.o
[2/40] Building CXX object CMakeFiles/xlengine.dir/home/runner/work/xlengine/xlengine/src/canvas.cpp.o
[3/40] Building CXX object CMakeFiles/xlengine.dir/jni_bridge.cpp.o
[4/40] Building CXX object CMakeFiles/xlengine.dir/home/runner/work/xlengine/xlengine/src/chartxml.cpp.o
[5/40] Building CXX object CMakeFiles/xlengine.dir/home/runner/work/xlengine/xlengine/src/chartpdf.cpp.o
[6/40] Building CXX object CMakeFiles/xlengine.dir/home/runner/work/xlengine/xlengine/src/eval.cpp.o
[7/40] Building CXX object CMakeFiles/xlengine.dir/home/runner/work/xlengine/xlengine/src/dv.cpp.o
[8/40] Building CXX object CMakeFiles/xlengine.dir/home/runner/work/xlengine/xlengine/src/cf.cpp.o
[9/40] Building CXX object CMakeFiles/xlengine.dir/home/runner/work/xlengine/xlengine/src/fn_fill.cpp.o
[10/40] Building CXX object CMakeFiles/xlengine.dir/home/runner/work/xlengine/xlengine/src/fn_eng.cpp.o
FAILED: CMakeFiles/xlengine.dir/home/runner/work/xlengine/xlengine/src/fn_eng.cpp.o 
/usr/local/lib/android/sdk/ndk/25.2.9519653/toolchains/llvm/prebuilt/linux-x86_64/bin/clang++ --target=aarch64-none-linux-android24 --sysroot=/usr/local/lib/android/sdk/ndk/25.2.9519653/toolchains/llvm/prebuilt/linux-x86_64/sysroot -Dxlengine_EXPORTS -I/home/runner/work/xlengine/xlengine/android/app/src/main/cpp/../../../../../src -g -DANDROID -fdata-sections -ffunction-sections -funwind-tables -fstack-protector-strong -no-canonical-prefixes -D_FORTIFY_SOURCE=2 -Wformat -Werror=format-security  -std=c++17 -fexceptions -frtti -fno-limit-debug-info  -fPIC -std=c++17 -MD -MT CMakeFiles/xlengine.dir/home/runner/work/xlengine/xlengine/src/fn_eng.cpp.o -MF CMakeFiles/xlengine.dir/home/runner/work/xlengine/xlengine/src/fn_eng.cpp.o.d -o CMakeFiles/xlengine.dir/home/runner/work/xlengine/xlengine/src/fn_eng.cpp.o -c /home/runner/work/xlengine/xlengine/src/fn_eng.cpp
/home/runner/work/xlengine/xlengine/src/fn_eng.cpp:93:36: error: no member named 'cyl_bessel_i' in namespace 'std'
            return Value::num(std::cyl_bessel_i(n, x));
                              ~~~~~^
/home/runner/work/xlengine/xlengine/src/fn_eng.cpp:98:36: error: no member named 'cyl_bessel_j' in namespace 'std'
            return Value::num(std::cyl_bessel_j(n, x));
                              ~~~~~^
/home/runner/work/xlengine/xlengine/src/fn_eng.cpp:103:36: error: no member named 'cyl_bessel_k' in namespace 'std'
            return Value::num(std::cyl_bessel_k(n, x));
                              ~~~~~^
/home/runner/work/xlengine/xlengine/src/fn_eng.cpp:108:36: error: no member named 'cyl_neumann' in namespace 'std'
            return Value::num(std::cyl_neumann(n, x));
                              ~~~~~^
/home/runner/work/xlengine/xlengine/src/fn_eng.cpp:297:61: warning: binding dereferenced null pointer to reference has undefined behavior [-Wnull-dereference]
            Value d = findFunction("BIN2DEC")->impl({a[0]}, *(EvalCtx*)nullptr);
                                                            ^~~~~~~~~~~~~~~~~~
/home/runner/work/xlengine/xlengine/src/fn_eng.cpp:301:56: warning: binding dereferenced null pointer to reference has undefined behavior [-Wnull-dereference]
            return findFunction("DEC2HEX")->impl(args, *(EvalCtx*)nullptr);
                                                       ^~~~~~~~~~~~~~~~~~
/home/runner/work/xlengine/xlengine/src/fn_eng.cpp:304:61: warning: binding dereferenced null pointer to reference has undefined behavior [-Wnull-dereference]
            Value d = findFunction("BIN2DEC")->impl({a[0]}, *(EvalCtx*)nullptr);
                                                            ^~~~~~~~~~~~~~~~~~
/home/runner/work/xlengine/xlengine/src/fn_eng.cpp:308:56: warning: binding dereferenced null pointer to reference has undefined behavior [-Wnull-dereference]
            return findFunction("DEC2OCT")->impl(args, *(EvalCtx*)nullptr);
                                                       ^~~~~~~~~~~~~~~~~~
/home/runner/work/xlengine/xlengine/src/fn_eng.cpp:311:61: warning: binding dereferenced null pointer to reference has undefined behavior [-Wnull-dereference]
            Value d = findFunction("OCT2DEC")->impl({a[0]}, *(EvalCtx*)nullptr);
                                                            ^~~~~~~~~~~~~~~~~~
/home/runner/work/xlengine/xlengine/src/fn_eng.cpp:315:56: warning: binding dereferenced null pointer to reference has undefined behavior [-Wnull-dereference]
            return findFunction("DEC2BIN")->impl(args, *(EvalCtx*)nullptr);
                                                       ^~~~~~~~~~~~~~~~~~
/home/runner/work/xlengine/xlengine/src/fn_eng.cpp:318:61: warning: binding dereferenced null pointer to reference has undefined behavior [-Wnull-dereference]
            Value d = findFunction("OCT2DEC")->impl({a[0]}, *(EvalCtx*)nullptr);
                                                            ^~~~~~~~~~~~~~~~~~
/home/runner/work/xlengine/xlengine/src/fn_eng.cpp:322:56: warning: binding dereferenced null pointer to reference has undefined behavior [-Wnull-dereference]
            return findFunction("DEC2HEX")->impl(args, *(EvalCtx*)nullptr);
                                                       ^~~~~~~~~~~~~~~~~~
/home/runner/work/xlengine/xlengine/src/fn_eng.cpp:325:61: warning: binding dereferenced null pointer to reference has undefined behavior [-Wnull-dereference]
            Value d = findFunction("HEX2DEC")->impl({a[0]}, *(EvalCtx*)nullptr);
                                                            ^~~~~~~~~~~~~~~~~~
/home/runner/work/xlengine/xlengine/src/fn_eng.cpp:329:56: warning: binding dereferenced null pointer to reference has undefined behavior [-Wnull-dereference]
            return findFunction("DEC2BIN")->impl(args, *(EvalCtx*)nullptr);
                                                       ^~~~~~~~~~~~~~~~~~
/home/runner/work/xlengine/xlengine/src/fn_eng.cpp:332:61: warning: binding dereferenced null pointer to reference has undefined behavior [-Wnull-dereference]
            Value d = findFunction("HEX2DEC")->impl({a[0]}, *(EvalCtx*)nullptr);
                                                            ^~~~~~~~~~~~~~~~~~
/home/runner/work/xlengine/xlengine/src/fn_eng.cpp:336:56: warning: binding dereferenced null pointer to reference has undefined behavior [-Wnull-dereference]
            return findFunction("DEC2OCT")->impl(args, *(EvalCtx*)nullptr);
                                                       ^~~~~~~~~~~~~~~~~~
12 warnings and 4 errors generated.
[11/40] Building CXX object CMakeFiles/xlengine.dir/home/runner/work/xlengine/xlengine/src/fn_date.cpp.o
[12/40] Building CXX object CMakeFiles/xlengine.dir/home/runner/work/xlengine/xlengine/src/fn_fill3.cpp.o
[13/40] Building CXX object CMakeFiles/xlengine.dir/home/runner/work/xlengine/xlengine/src/fn_fill4.cpp.o
[14/40] Building CXX object CMakeFiles/xlengine.dir/home/runner/work/xlengine/xlengine/src/fn_array.cpp.o
[15/40] Building CXX object CMakeFiles/xlengine.dir/home/runner/work/xlengine/xlengine/src/fn_fill2.cpp.o
ninja: build stopped: subcommand failed.

C++ build system [build] failed while executing:
    /usr/local/lib/android/sdk/cmake/3.22.1/bin/ninja \
      -C \
      /home/runner/work/xlengine/xlengine/android/app/.cxx/Debug/1k1c3s6c/arm64-v8a \
      xlengine
  from /home/runner/work/xlengine/xlengine/android/app
	at org.gradle.internal.UncheckedException.throwAsUncheckedException(UncheckedException.java:68)
	at org.gradle.internal.UncheckedException.throwAsUncheckedException(UncheckedException.java:41)
	at org.gradle.internal.reflect.JavaMethod.invoke(JavaMethod.java:128)
	at org.gradle.api.internal.project.taskfactory.StandardTaskAction.doExecute(StandardTaskAction.java:58)
	at org.gradle.api.internal.project.taskfactory.StandardTaskAction.execute(StandardTaskAction.java:51)
	at org.gradle.api.internal.project.taskfactory.StandardTaskAction.execute(StandardTaskAction.java:29)
	at org.gradle.api.internal.tasks.execution.TaskExecution$3.run(TaskExecution.java:248)
	at org.gradle.internal.operations.DefaultBuildOperationRunner$1.execute(DefaultBuildOperationRunner.java:29)
	at org.gradle.internal.operations.DefaultBuildOperationRunner$1.execute(DefaultBuildOperationRunner.java:26)
	at org.gradle.internal.operations.DefaultBuildOperationRunner$2.execute(DefaultBuildOperationRunner.java:66)
	at org.gradle.internal.operations.DefaultBuildOperationRunner$2.execute(DefaultBuildOperationRunner.java:59)
	at org.gradle.internal.operations.DefaultBuildOperationRunner.execute(DefaultBuildOperationRunner.java:157)
	at org.gradle.internal.operations.DefaultBuildOperationRunner.execute(DefaultBuildOperationRunner.java:59)
	at org.gradle.internal.operations.DefaultBuildOperationRunner.run(DefaultBuildOperationRunner.java:47)
	at org.gradle.internal.operations.DefaultBuildOperationExecutor.run(DefaultBuildOperationExecutor.java:68)
	at org.gradle.api.internal.tasks.execution.TaskExecution.executeAction(TaskExecution.java:233)
	at org.gradle.api.internal.tasks.execution.TaskExecution.executeActions(TaskExecution.java:216)
	at org.gradle.api.internal.tasks.execution.TaskExecution.executeWithPreviousOutputFiles(TaskExecution.java:199)
	at org.gradle.api.internal.tasks.execution.TaskExecution.execute(TaskExecution.java:166)
	at org.gradle.internal.execution.steps.ExecuteStep.executeInternal(ExecuteStep.java:105)
	at org.gradle.internal.execution.steps.ExecuteStep.access$000(ExecuteStep.java:44)
	at org.gradle.internal.execution.steps.ExecuteStep$1.call(ExecuteStep.java:59)
	at org.gradle.internal.execution.steps.ExecuteStep$1.call(ExecuteStep.java:56)
	at org.gradle.internal.operations.DefaultBuildOperationRunner$CallableBuildOperationWorker.execute(DefaultBuildOperationRunner.java:204)
	at org.gradle.internal.operations.DefaultBuildOperationRunner$CallableBuildOperationWorker.execute(DefaultBuildOperationRunner.java:199)
	at org.gradle.internal.operations.DefaultBuildOperationRunner$2.execute(DefaultBuildOperationRunner.java:66)
	at org.gradle.internal.operations.DefaultBuildOperationRunner$2.execute(DefaultBuildOperationRunner.java:59)
	at org.gradle.internal.operations.DefaultBuildOperationRunner.execute(DefaultBuildOperationRunner.java:157)
	at org.gradle.internal.operations.DefaultBuildOperationRunner.execute(DefaultBuildOperationRunner.java:59)
	at org.gradle.internal.operations.DefaultBuildOperationRunner.call(DefaultBuildOperationRunner.java:53)
	at org.gradle.internal.operations.DefaultBuildOperationExecutor.call(DefaultBuildOperationExecutor.java:73)
	at org.gradle.internal.execution.steps.ExecuteStep.execute(ExecuteStep.java:56)
	at org.gradle.internal.execution.steps.ExecuteStep.execute(ExecuteStep.java:44)
	at org.gradle.internal.execution.steps.RemovePreviousOutputsStep.execute(RemovePreviousOutputsStep.java:67)
	at org.gradle.internal.execution.steps.RemovePreviousOutputsStep.execute(RemovePreviousOutputsStep.java:37)
	at org.gradle.internal.execution.steps.CancelExecutionStep.execute(CancelExecutionStep.java:41)
	at org.gradle.internal.execution.steps.TimeoutStep.executeWithoutTimeout(TimeoutStep.java:74)
	at org.gradle.internal.execution.steps.TimeoutStep.execute(TimeoutStep.java:55)
	at org.gradle.internal.execution.steps.CreateOutputsStep.execute(CreateOutputsStep.java:50)
	at org.gradle.internal.execution.steps.CreateOutputsStep.execute(CreateOutputsStep.java:28)
	at org.gradle.internal.execution.steps.CaptureStateAfterExecutionStep.executeDelegateBroadcastingChanges(CaptureStateAfterExecutionStep.java:100)
	at org.gradle.internal.execution.steps.CaptureStateAfterExecutionStep.execute(CaptureStateAfterExecutionStep.java:72)
	at org.gradle.internal.execution.steps.CaptureStateAfterExecutionStep.execute(CaptureStateAfterExecutionStep.java:50)
	at org.gradle.internal.execution.steps.ResolveInputChangesStep.execute(ResolveInputChangesStep.java:40)
	at org.gradle.internal.execution.steps.ResolveInputChangesStep.execute(ResolveInputChangesStep.java:29)
	at org.gradle.internal.execution.steps.BuildCacheStep.executeWithoutCache(BuildCacheStep.java:179)
	at org.gradle.internal.execution.steps.BuildCacheStep.lambda$execute$1(BuildCacheStep.java:70)
	at org.gradle.internal.Either$Right.fold(Either.java:175)
	at org.gradle.internal.execution.caching.CachingState.fold(CachingState.java:59)
	at org.gradle.internal.execution.steps.BuildCacheStep.execute(BuildCacheStep.java:68)
	at org.gradle.internal.execution.steps.BuildCacheStep.execute(BuildCacheStep.java:46)
	at org.gradle.internal.execution.steps.StoreExecutionStateStep.execute(StoreExecutionStateStep.java:36)
	at org.gradle.internal.execution.steps.StoreExecutionStateStep.execute(StoreExecutionStateStep.java:25)
	at org.gradle.internal.execution.steps.RecordOutputsStep.execute(RecordOutputsStep.java:36)
	at org.gradle.internal.execution.steps.RecordOutputsStep.execute(RecordOutputsStep.java:22)
	at org.gradle.internal.execution.steps.SkipUpToDateStep.executeBecause(SkipUpToDateStep.java:91)
	at org.gradle.internal.execution.steps.SkipUpToDateStep.lambda$execute$2(SkipUpToDateStep.java:55)
	at org.gradle.internal.execution.steps.SkipUpToDateStep.execute(SkipUpToDateStep.java:55)
	at org.gradle.internal.execution.steps.SkipUpToDateStep.execute(SkipUpToDateStep.java:37)
	at org.gradle.internal.execution.steps.ResolveChangesStep.execute(ResolveChangesStep.java:65)
	at org.gradle.internal.execution.steps.ResolveChangesStep.execute(ResolveChangesStep.java:36)
	at org.gradle.internal.execution.steps.legacy.MarkSnapshottingInputsFinishedStep.execute(MarkSnapshottingInputsFinishedStep.java:37)
	at org.gradle.internal.execution.steps.legacy.MarkSnapshottingInputsFinishedStep.execute(MarkSnapshottingInputsFinishedStep.java:27)
	at org.gradle.internal.execution.steps.ResolveCachingStateStep.execute(ResolveCachingStateStep.java:76)
	at org.gradle.internal.execution.steps.ResolveCachingStateStep.execute(ResolveCachingStateStep.java:37)
	at org.gradle.internal.execution.steps.ValidateStep.execute(ValidateStep.java:108)
	at org.gradle.internal.execution.steps.ValidateStep.execute(ValidateStep.java:55)
	at org.gradle.internal.execution.steps.CaptureStateBeforeExecutionStep.execute(CaptureStateBeforeExecutionStep.java:71)
	at org.gradle.internal.execution.steps.CaptureStateBeforeExecutionStep.execute(CaptureStateBeforeExecutionStep.java:45)
	at org.gradle.internal.execution.steps.SkipEmptyWorkStep.executeWithNonEmptySources(SkipEmptyWorkStep.java:177)
	at org.gradle.internal.execution.steps.SkipEmptyWorkStep.execute(SkipEmptyWorkStep.java:81)
	at org.gradle.internal.execution.steps.SkipEmptyWorkStep.execute(SkipEmptyWorkStep.java:53)
	at org.gradle.internal.execution.steps.RemoveUntrackedExecutionStateStep.execute(RemoveUntrackedExecutionStateStep.java:32)
	at org.gradle.internal.execution.steps.RemoveUntrackedExecutionStateStep.execute(RemoveUntrackedExecutionStateStep.java:21)
	at org.gradle.internal.execution.steps.legacy.MarkSnapshottingInputsStartedStep.execute(MarkSnapshottingInputsStartedStep.java:38)
	at org.gradle.internal.execution.steps.LoadPreviousExecutionStateStep.execute(LoadPreviousExecutionStateStep.java:36)
	at org.gradle.internal.execution.steps.LoadPreviousExecutionStateStep.execute(LoadPreviousExecutionStateStep.java:23)
	at org.gradle.internal.execution.steps.CleanupStaleOutputsStep.execute(CleanupStaleOutputsStep.java:75)
	at org.gradle.internal.execution.steps.CleanupStaleOutputsStep.execute(CleanupStaleOutputsStep.java:41)
	at org.gradle.internal.execution.steps.ExecuteWorkBuildOperationFiringStep.lambda$execute$2(ExecuteWorkBuildOperationFiringStep.java:66)
	at org.gradle.internal.execution.steps.ExecuteWorkBuildOperationFiringStep.execute(ExecuteWorkBuildOperationFiringStep.java:66)
	at org.gradle.internal.execution.steps.ExecuteWorkBuildOperationFiringStep.execute(ExecuteWorkBuildOperationFiringStep.java:38)
	at org.gradle.internal.execution.steps.AssignWorkspaceStep.lambda$execute$0(AssignWorkspaceStep.java:32)
	at org.gradle.api.internal.tasks.execution.TaskExecution$4.withWorkspace(TaskExecution.java:293)
	at org.gradle.internal.execution.steps.AssignWorkspaceStep.execute(AssignWorkspaceStep.java:30)
	at org.gradle.internal.execution.steps.AssignWorkspaceStep.execute(AssignWorkspaceStep.java:21)
	at org.gradle.internal.execution.steps.IdentityCacheStep.execute(IdentityCacheStep.java:37)
	at org.gradle.internal.execution.steps.IdentityCacheStep.execute(IdentityCacheStep.java:27)
	at org.gradle.internal.execution.steps.IdentifyStep.execute(IdentifyStep.java:47)
	at org.gradle.internal.execution.steps.IdentifyStep.execute(IdentifyStep.java:34)
	at org.gradle.internal.execution.impl.DefaultExecutionEngine$1.execute(DefaultExecutionEngine.java:64)
	at org.gradle.api.internal.tasks.execution.ExecuteActionsTaskExecuter.executeIfValid(ExecuteActionsTaskExecuter.java:145)
	at org.gradle.api.internal.tasks.execution.ExecuteActionsTaskExecuter.execute(ExecuteActionsTaskExecuter.java:134)
	at org.gradle.api.internal.tasks.execution.FinalizePropertiesTaskExecuter.execute(FinalizePropertiesTaskExecuter.java:46)
	at org.gradle.api.internal.tasks.execution.ResolveTaskExecutionModeExecuter.execute(ResolveTaskExecutionModeExecuter.java:51)
	at org.gradle.api.internal.tasks.execution.SkipTaskWithNoActionsExecuter.execute(SkipTaskWithNoActionsExecuter.java:57)
	at org.gradle.api.internal.tasks.execution.SkipOnlyIfTaskExecuter.execute(SkipOnlyIfTaskExecuter.java:74)
	at org.gradle.api.internal.tasks.execution.CatchExceptionTaskExecuter.execute(CatchExceptionTaskExecuter.java:36)
	at org.gradle.api.internal.tasks.execution.EventFiringTaskExecuter$1.executeTask(EventFiringTaskExecuter.java:77)
	at org.gradle.api.internal.tasks.execution.EventFiringTaskExecuter$1.call(EventFiringTaskExecuter.java:55)
	at org.gradle.api.internal.tasks.execution.EventFiringTaskExecuter$1.call(EventFiringTaskExecuter.java:52)
	at org.gradle.internal.operations.DefaultBuildOperationRunner$CallableBuildOperationWorker.execute(DefaultBuildOperationRunner.java:204)
	at org.gradle.internal.operations.DefaultBuildOperationRunner$CallableBuildOperationWorker.execute(DefaultBuildOperationRunner.java:199)
	at org.gradle.internal.operations.DefaultBuildOperationRunner$2.execute(DefaultBuildOperationRunner.java:66)
	at org.gradle.internal.operations.DefaultBuildOperationRunner$2.execute(DefaultBuildOperationRunner.java:59)
	at org.gradle.internal.operations.DefaultBuildOperationRunner.execute(DefaultBuildOperationRunner.java:157)
	at org.gradle.internal.operations.DefaultBuildOperationRunner.execute(DefaultBuildOperationRunner.java:59)
	at org.gradle.internal.operations.DefaultBuildOperationRunner.call(DefaultBuildOperationRunner.java:53)
	at org.gradle.internal.operations.DefaultBuildOperationExecutor.call(DefaultBuildOperationExecutor.java:73)
	at org.gradle.api.internal.tasks.execution.EventFiringTaskExecuter.execute(EventFiringTaskExecuter.java:52)
	at org.gradle.execution.plan.LocalTaskNodeExecutor.execute(LocalTaskNodeExecutor.java:42)
	at org.gradle.execution.taskgraph.DefaultTaskExecutionGraph$InvokeNodeExecutorsAction.execute(DefaultTaskExecutionGraph.java:331)
	at org.gradle.execution.taskgraph.DefaultTaskExecutionGraph$InvokeNodeExecutorsAction.execute(DefaultTaskExecutionGraph.java:318)
	at org.gradle.execution.taskgraph.DefaultTaskExecutionGraph$BuildOperationAwareExecutionAction.lambda$execute$0(DefaultTaskExecutionGraph.java:314)
	at org.gradle.internal.operations.CurrentBuildOperationRef.with(CurrentBuildOperationRef.java:80)
	at org.gradle.execution.taskgraph.DefaultTaskExecutionGraph$BuildOperationAwareExecutionAction.execute(DefaultTaskExecutionGraph.java:314)
	at org.gradle.execution.taskgraph.DefaultTaskExecutionGraph$BuildOperationAwareExecutionAction.execute(DefaultTaskExecutionGraph.java:303)
	at org.gradle.execution.plan.DefaultPlanExecutor$ExecutorWorker.execute(DefaultPlanExecutor.java:463)
	at org.gradle.execution.plan.DefaultPlanExecutor$ExecutorWorker.run(DefaultPlanExecutor.java:380)
	at org.gradle.internal.concurrent.ExecutorPolicy$CatchAndRecordFailures.onExecute(ExecutorPolicy.java:64)
	at org.gradle.internal.concurrent.AbstractManagedExecutor$1.run(AbstractManagedExecutor.java:47)
Caused by: com.android.ide.common.process.ProcessException: ninja: Entering directory `/home/runner/work/xlengine/xlengine/android/app/.cxx/Debug/1k1c3s6c/arm64-v8a'
[1/40] Building CXX object CMakeFiles/xlengine.dir/home/runner/work/xlengine/xlengine/src/depgraph.cpp.o
[2/40] Building CXX object CMakeFiles/xlengine.dir/home/runner/work/xlengine/xlengine/src/canvas.cpp.o
[3/40] Building CXX object CMakeFiles/xlengine.dir/jni_bridge.cpp.o
[4/40] Building CXX object CMakeFiles/xlengine.dir/home/runner/work/xlengine/xlengine/src/chartxml.cpp.o
[5/40] Building CXX object CMakeFiles/xlengine.dir/home/runner/work/xlengine/xlengine/src/chartpdf.cpp.o
[6/40] Building CXX object CMakeFiles/xlengine.dir/home/runner/work/xlengine/xlengine/src/eval.cpp.o
[7/40] Building CXX object CMakeFiles/xlengine.dir/home/runner/work/xlengine/xlengine/src/dv.cpp.o
[8/40] Building CXX object CMakeFiles/xlengine.dir/home/runner/work/xlengine/xlengine/src/cf.cpp.o
[9/40] Building CXX object CMakeFiles/xlengine.dir/home/runner/work/xlengine/xlengine/src/fn_fill.cpp.o
[10/40] Building CXX object CMakeFiles/xlengine.dir/home/runner/work/xlengine/xlengine/src/fn_eng.cpp.o
FAILED: CMakeFiles/xlengine.dir/home/runner/work/xlengine/xlengine/src/fn_eng.cpp.o 
/usr/local/lib/android/sdk/ndk/25.2.9519653/toolchains/llvm/prebuilt/linux-x86_64/bin/clang++ --target=aarch64-none-linux-android24 --sysroot=/usr/local/lib/android/sdk/ndk/25.2.9519653/toolchains/llvm/prebuilt/linux-x86_64/sysroot -Dxlengine_EXPORTS -I/home/runner/work/xlengine/xlengine/android/app/src/main/cpp/../../../../../src -g -DANDROID -fdata-sections -ffunction-sections -funwind-tables -fstack-protector-strong -no-canonical-prefixes -D_FORTIFY_SOURCE=2 -Wformat -Werror=format-security  -std=c++17 -fexceptions -frtti -fno-limit-debug-info  -fPIC -std=c++17 -MD -MT CMakeFiles/xlengine.dir/home/runner/work/xlengine/xlengine/src/fn_eng.cpp.o -MF CMakeFiles/xlengine.dir/home/runner/work/xlengine/xlengine/src/fn_eng.cpp.o.d -o CMakeFiles/xlengine.dir/home/runner/work/xlengine/xlengine/src/fn_eng.cpp.o -c /home/runner/work/xlengine/xlengine/src/fn_eng.cpp
/home/runner/work/xlengine/xlengine/src/fn_eng.cpp:93:36: error: no member named 'cyl_bessel_i' in namespace 'std'
            return Value::num(std::cyl_bessel_i(n, x));
                              ~~~~~^
/home/runner/work/xlengine/xlengine/src/fn_eng.cpp:98:36: error: no member named 'cyl_bessel_j' in namespace 'std'
            return Value::num(std::cyl_bessel_j(n, x));
                              ~~~~~^
/home/runner/work/xlengine/xlengine/src/fn_eng.cpp:103:36: error: no member named 'cyl_bessel_k' in namespace 'std'
            return Value::num(std::cyl_bessel_k(n, x));
                              ~~~~~^
/home/runner/work/xlengine/xlengine/src/fn_eng.cpp:108:36: error: no member named 'cyl_neumann' in namespace 'std'
            return Value::num(std::cyl_neumann(n, x));
                              ~~~~~^
/home/runner/work/xlengine/xlengine/src/fn_eng.cpp:297:61: warning: binding dereferenced null pointer to reference has undefined behavior [-Wnull-dereference]
            Value d = findFunction("BIN2DEC")->impl({a[0]}, *(EvalCtx*)nullptr);
                                                            ^~~~~~~~~~~~~~~~~~
/home/runner/work/xlengine/xlengine/src/fn_eng.cpp:301:56: warning: binding dereferenced null pointer to reference has undefined behavior [-Wnull-dereference]
            return findFunction("DEC2HEX")->impl(args, *(EvalCtx*)nullptr);
                                                       ^~~~~~~~~~~~~~~~~~
/home/runner/work/xlengine/xlengine/src/fn_eng.cpp:304:61: warning: binding dereferenced null pointer to reference has undefined behavior [-Wnull-dereference]
            Value d = findFunction("BIN2DEC")->impl({a[0]}, *(EvalCtx*)nullptr);
                                                            ^~~~~~~~~~~~~~~~~~
/home/runner/work/xlengine/xlengine/src/fn_eng.cpp:308:56: warning: binding dereferenced null pointer to reference has undefined behavior [-Wnull-dereference]
            return findFunction("DEC2OCT")->impl(args, *(EvalCtx*)nullptr);
                                                       ^~~~~~~~~~~~~~~~~~
/home/runner/work/xlengine/xlengine/src/fn_eng.cpp:311:61: warning: binding dereferenced null pointer to reference has undefined behavior [-Wnull-dereference]
            Value d = findFunction("OCT2DEC")->impl({a[0]}, *(EvalCtx*)nullptr);
                                                            ^~~~~~~~~~~~~~~~~~
/home/runner/work/xlengine/xlengine/src/fn_eng.cpp:315:56: warning: binding dereferenced null pointer to reference has undefined behavior [-Wnull-dereference]
            return findFunction("DEC2BIN")->impl(args, *(EvalCtx*)nullptr);
                                                       ^~~~~~~~~~~~~~~~~~
/home/runner/work/xlengine/xlengine/src/fn_eng.cpp:318:61: warning: binding dereferenced null pointer to reference has undefined behavior [-Wnull-dereference]
            Value d = findFunction("OCT2DEC")->impl({a[0]}, *(EvalCtx*)nullptr);
                                                            ^~~~~~~~~~~~~~~~~~
/home/runner/work/xlengine/xlengine/src/fn_eng.cpp:322:56: warning: binding dereferenced null pointer to reference has undefined behavior [-Wnull-dereference]
            return findFunction("DEC2HEX")->impl(args, *(EvalCtx*)nullptr);
                                                       ^~~~~~~~~~~~~~~~~~
/home/runner/work/xlengine/xlengine/src/fn_eng.cpp:325:61: warning: binding dereferenced null pointer to reference has undefined behavior [-Wnull-dereference]
            Value d = findFunction("HEX2DEC")->impl({a[0]}, *(EvalCtx*)nullptr);
                                                            ^~~~~~~~~~~~~~~~~~
/home/runner/work/xlengine/xlengine/src/fn_eng.cpp:329:56: warning: binding dereferenced null pointer to reference has undefined behavior [-Wnull-dereference]
            return findFunction("DEC2BIN")->impl(args, *(EvalCtx*)nullptr);
                                                       ^~~~~~~~~~~~~~~~~~
/home/runner/work/xlengine/xlengine/src/fn_eng.cpp:332:61: warning: binding dereferenced null pointer to reference has undefined behavior [-Wnull-dereference]
            Value d = findFunction("HEX2DEC")->impl({a[0]}, *(EvalCtx*)nullptr);
                                                            ^~~~~~~~~~~~~~~~~~
/home/runner/work/xlengine/xlengine/src/fn_eng.cpp:336:56: warning: binding dereferenced null pointer to reference has undefined behavior [-Wnull-dereference]
            return findFunction("DEC2OCT")->impl(args, *(EvalCtx*)nullptr);
                                                       ^~~~~~~~~~~~~~~~~~
12 warnings and 4 errors generated.
[11/40] Building CXX object CMakeFiles/xlengine.dir/home/runner/work/xlengine/xlengine/src/fn_date.cpp.o
[12/40] Building CXX object CMakeFiles/xlengine.dir/home/runner/work/xlengine/xlengine/src/fn_fill3.cpp.o
[13/40] Building CXX object CMakeFiles/xlengine.dir/home/runner/work/xlengine/xlengine/src/fn_fill4.cpp.o
[14/40] Building CXX object CMakeFiles/xlengine.dir/home/runner/work/xlengine/xlengine/src/fn_array.cpp.o
[15/40] Building CXX object CMakeFiles/xlengine.dir/home/runner/work/xlengine/xlengine/src/fn_fill2.cpp.o
ninja: build stopped: subcommand failed.

C++ build system [build] failed while executing:
    /usr/local/lib/android/sdk/cmake/3.22.1/bin/ninja \
      -C \
      /home/runner/work/xlengine/xlengine/android/app/.cxx/Debug/1k1c3s6c/arm64-v8a \
      xlengine
  from /home/runner/work/xlengine/xlengine/android/app
	at com.android.build.gradle.internal.cxx.process.ExecuteProcessKt.execute(ExecuteProcess.kt:274)
	at com.android.build.gradle.internal.cxx.process.ExecuteProcessKt$executeProcess$1.invoke(ExecuteProcess.kt:106)
	at com.android.build.gradle.internal.cxx.process.ExecuteProcessKt$executeProcess$1.invoke(ExecuteProcess.kt:104)
	at com.android.build.gradle.internal.cxx.timing.TimingEnvironmentKt.time(TimingEnvironment.kt:32)
	at com.android.build.gradle.internal.cxx.process.ExecuteProcessKt.executeProcess(ExecuteProcess.kt:104)
	at com.android.build.gradle.internal.cxx.process.ExecuteProcessKt.executeProcess$default(ExecuteProcess.kt:84)
	at com.android.build.gradle.internal.cxx.build.CxxRegularBuilder.executeProcessBatch(CxxRegularBuilder.kt:331)
	at com.android.build.gradle.internal.cxx.build.CxxRegularBuilder.build(CxxRegularBuilder.kt:128)
	at com.android.build.gradle.tasks.ExternalNativeBuildTask$doTaskAction$$inlined$recordTaskAction$1.invoke(BaseTask.kt:70)
	at com.android.build.gradle.internal.tasks.Blocks.recordSpan(Blocks.java:51)
	at com.android.build.gradle.tasks.ExternalNativeBuildTask.doTaskAction(ExternalNativeBuildTask.kt:145)
	at com.android.build.gradle.internal.tasks.UnsafeOutputsTask$taskAction$$inlined$recordTaskAction$1.invoke(BaseTask.kt:65)
	at com.android.build.gradle.internal.tasks.Blocks.recordSpan(Blocks.java:51)
	at com.android.build.gradle.internal.tasks.UnsafeOutputsTask.taskAction(UnsafeOutputsTask.kt:63)
	at java.base/jdk.internal.reflect.NativeMethodAccessorImpl.invoke0(Native Method)
	at java.base/jdk.internal.reflect.NativeMethodAccessorImpl.invoke(NativeMethodAccessorImpl.java:77)
	at java.base/jdk.internal.reflect.DelegatingMethodAccessorImpl.invoke(DelegatingMethodAccessorImpl.java:43)
	at org.gradle.internal.reflect.JavaMethod.invoke(JavaMethod.java:125)
	... 118 more
Caused by: com.android.ide.common.process.ProcessException: Error while executing process /usr/local/lib/android/sdk/cmake/3.22.1/bin/ninja with arguments {-C /home/runner/work/xlengine/xlengine/android/app/.cxx/Debug/1k1c3s6c/arm64-v8a xlengine}
	at com.android.build.gradle.internal.process.GradleProcessResult.buildProcessException(GradleProcessResult.java:73)
	at com.android.build.gradle.internal.process.GradleProcessResult.assertNormalExitValue(GradleProcessResult.java:48)
	at com.android.build.gradle.internal.cxx.process.ExecuteProcessKt.execute(ExecuteProcess.kt:269)
	... 135 more
Caused by: org.gradle.process.internal.ExecException: Process 'command '/usr/local/lib/android/sdk/cmake/3.22.1/bin/ninja'' finished with non-zero exit value 1
	at org.gradle.process.internal.DefaultExecHandle$ExecResultImpl.assertNormalExitValue(DefaultExecHandle.java:431)
	at com.android.build.gradle.internal.process.GradleProcessResult.assertNormalExitValue(GradleProcessResult.java:46)
	... 136 more


BUILD FAILED in 38s
23 actionable tasks: 23 executed
